pytest.exe : ImportError while loading conftest 
'C:\Users\dzzav\OneDrive\Documentos\repo\cargapp\backend\conftest.py'.
En línea: 1 Carácter: 1
+ & ".\.venv\Scripts\pytest.exe" tests/ -v --tb=short 2>&1 | tee test_o ...
+ ~~~~~~~~~~~~~~~~~~~~~~~~~~~~~~~~~~~~~~~~~~~~~~~~~~~~~~~~
    + CategoryInfo          : NotSpecified: (ImportError whi...d\conftest.py'. 
   :String) [], RemoteException
    + FullyQualifiedErrorId : NativeCommandError
 
conftest.py:5: in <module>
    from app.main import create_app
app\main.py:5: in <module>
    from app.config import settings
app\config.py:31: in <module>
    settings = Settings()
               ^^^^^^^^^^
.venv\Lib\site-packages\pydantic_settings\main.py:247: in __init__
    
super().__init__(**__pydantic_self__.__class__._settings_build_values(sources, 
init_kwargs))
E   pydantic_core._pydantic_core.ValidationError: 9 validation errors for 
Settings
E   db_host
E     Extra inputs are not permitted [type=extra_forbidden, 
input_value='192.168.1.200', input_type=str]
E       For further information visit 
https://errors.pydantic.dev/2.13/v/extra_forbidden
E   db_port
E     Extra inputs are not permitted [type=extra_forbidden, 
input_value='3306', input_type=str]
E       For further information visit 
https://errors.pydantic.dev/2.13/v/extra_forbidden
E   db_user
E     Extra inputs are not permitted [type=extra_forbidden, 
input_value='root', input_type=str]
E       For further information visit 
https://errors.pydantic.dev/2.13/v/extra_forbidden
E   db_password
E     Extra inputs are not permitted [type=extra_forbidden, input_value='123', 
input_type=str]
E       For further information visit 
https://errors.pydantic.dev/2.13/v/extra_forbidden
E   db_name
E     Extra inputs are not permitted [type=extra_forbidden, 
input_value='cargapp', input_type=str]
E       For further information visit 
https://errors.pydantic.dev/2.13/v/extra_forbidden
E   port
E     Extra inputs are not permitted [type=extra_forbidden, 
input_value='3000', input_type=str]
E       For further information visit 
https://errors.pydantic.dev/2.13/v/extra_forbidden
E   cne_api_url
E     Extra inputs are not permitted [type=extra_forbidden, 
input_value='https://api.cne.cl', input_type=str]
E       For further information visit 
https://errors.pydantic.dev/2.13/v/extra_forbidden
E   cne_email
E     Extra inputs are not permitted [type=extra_forbidden, 
input_value='edwinmvasquezf@gmail.com', input_type=str]
E       For further information visit 
https://errors.pydantic.dev/2.13/v/extra_forbidden
E   cne_password
E     Extra inputs are not permitted [type=extra_forbidden, 
input_value='erve345g', input_type=str]
E       For further information visit 
https://errors.pydantic.dev/2.13/v/extra_forbidden
